./example/example_output/2EVE_A.pdb 149
./example/example_output/3V2B_A.pdb 176
./example/example_output/5CKQ_A.pdb 276
./example/example_output/3HD6_A.pdb 443
./example/example_output/3HCY_A.pdb 148
./example/example_output/3HCY_B.pdb 149
./example/example_output/5UNI_A.pdb 94
./example/example_output/5UNI_B.pdb 261
./example/example_output/3HDE_B.pdb 165
./example/example_output/3HDE_C.pdb 164
./example/example_output/2RFM_B.pdb 184
./example/example_output/16PK_A.pdb 415
./example/example_output/2EVX_A.pdb 428
./example/example_output/6IOY_B.pdb 401
./example/example_output/3V1V_A.pdb 325
./example/example_output/1RQJ_B.pdb 298
./example/example_output/11AS_B.pdb 328
./example/example_output/3V2I_A.pdb 196
./example/example_output/1RQG_A.pdb 606
./example/example_output/3HDC_A.pdb 150
./example/example_output/1RQ6_A.pdb 62
./example/example_output/6WNG_D.pdb 466
./example/example_output/4LMO_A.pdb 251
./example/example_output/2RFQ_A.pdb 388
./example/example_output/3HCZ_A.pdb 147
./example/example_output/6WN9_A.pdb 155
./example/example_output/2EVN_A.pdb 103
./example/example_output/2EVG_A.pdb 303
./example/example_output/2EW2_B.pdb 314
./example/example_output/5CKL_A.pdb 181
./example/example_output/4LMV_A.pdb 252
./example/example_output/19HC_A.pdb 292
./example/example_output/12AS_B.pdb 328
./example/example_output/3V2U_A.pdb 421
./example/example_output/3V2U_B.pdb 421
./example/example_output/3V2U_C.pdb 519
./example/example_output/6IOX_B.pdb 337
./example/example_output/6IP0_A.pdb 472
./example/example_output/2EW0_A.pdb 175
./example/example_output/4LMS_A.pdb 80
./example/example_output/4LMS_C.pdb 68
./example/example_output/5CKR_A.pdb 340
./example/example_output/5CK4_B.pdb 303
./example/example_output/3V1Y_A.pdb 335
./example/example_output/3V2G_A.pdb 252
./example/example_output/3V2L_A.pdb 120
./example/example_output/3HDF_A.pdb 133
./example/example_output/3HDF_B.pdb 132
./example/example_output/5CKW_A.pdb 390
./example/example_output/5CKW_B.pdb 405
./example/example_output/1RQI_A.pdb 300
./example/example_output/1RQB_A.pdb 472
./example/example_output/4LMP_A.pdb 371
./example/example_output/5UNG_B.pdb -666
./example/example_output/3HD7_B.pdb 98
./example/example_output/3HD7_E.pdb 90
./example/example_output/2RFO_A.pdb 632
./example/example_output/3HDD_B.pdb 56
./example/example_output/5UNK_A.pdb 62
./example/example_output/16VP_A.pdb 356
./example/example_output/4LMW_A.pdb 250
./example/example_output/2RFR_A.pdb 154
./example/example_output/155C_A.pdb 121
./example/example_output/3HD5_A.pdb 182
./example/example_output/3HD5_C.pdb 181
./example/example_output/2EW1_A.pdb 171
./example/example_output/1A02_F.pdb 53
./example/example_output/1A02_J.pdb 52
./example/example_output/2RFY_A.pdb 429
./example/example_output/5UND_A.pdb 171
./example/example_output/5UND_B.pdb 145
./example/example_output/1RQP_C.pdb 291
./example/example_output/3V2A_R.pdb 198
./example/example_output/5CK7_A.pdb 448
./example/example_output/2EVV_A.pdb 181
./example/example_output/2EVV_B.pdb 182
./example/example_output/2EW6_A.pdb 166
./example/example_output/5CKM_A.pdb 277
./example/example_output/5CKT_A.pdb 99
./example/example_output/6WNH_A.pdb 580
./example/example_output/4LMR_B.pdb 312
./example/example_output/3V2H_A.pdb 260
./example/example_output/1914_A.pdb 2081
./example/example_output/2RFW_D.pdb 429
./example/example_output/5UNC_A.pdb 289
./example/example_output/5UNC_D.pdb 287
./example/example_output/6IOZ_A.pdb 517
./example/example_output/3HDB_A.pdb 417
./example/example_output/1RQ8_A.pdb 96
./example/example_output/4LMX_A.pdb 62
./example/example_output/4LMX_G.pdb 65
./example/example_output/2RFV_A.pdb 396
./example/example_output/6IP1_C.pdb 65
./example/example_output/6IP1_E.pdb 292
./example/example_output/6WN8_H.pdb 209
./example/example_output/3HDG_D.pdb 124
./example/example_output/3V2Y_A.pdb 315
./example/example_output/5UNL_C.pdb 264
./example/example_output/6ORB_A.pdb 4711
./example/example_output/1A03_A.pdb 90
