/home/russ/Scripts/git/2023-bioinf-paper/StructureDatabase/structure_dir/3HCY_A.pdb
/home/russ/Scripts/git/2023-bioinf-paper/StructureDatabase/structure_dir/2EVE_A.pdb
/home/russ/Scripts/git/2023-bioinf-paper/StructureDatabase/structure_dir/2RFM_B.pdb
/home/russ/Scripts/git/2023-bioinf-paper/StructureDatabase/structure_dir/3HCY_B.pdb
/home/russ/Scripts/git/2023-bioinf-paper/StructureDatabase/structure_dir/3V1V_A.pdb
/home/russ/Scripts/git/2023-bioinf-paper/StructureDatabase/structure_dir/11AS_B.pdb
/home/russ/Scripts/git/2023-bioinf-paper/StructureDatabase/structure_dir/1RQ6_A.pdb
/home/russ/Scripts/git/2023-bioinf-paper/StructureDatabase/structure_dir/4LMO_A.pdb
/home/russ/Scripts/git/2023-bioinf-paper/StructureDatabase/structure_dir/3HCZ_A.pdb
/home/russ/Scripts/git/2023-bioinf-paper/StructureDatabase/structure_dir/2EVG_A.pdb
/home/russ/Scripts/git/2023-bioinf-paper/StructureDatabase/structure_dir/12AS_B.pdb
/home/russ/Scripts/git/2023-bioinf-paper/StructureDatabase/structure_dir/3V1Y_A.pdb
/home/russ/Scripts/git/2023-bioinf-paper/StructureDatabase/structure_dir/5CK4_B.pdb
/home/russ/Scripts/git/2023-bioinf-paper/StructureDatabase/structure_dir/2RFO_A.pdb
/home/russ/Scripts/git/2023-bioinf-paper/StructureDatabase/structure_dir/4LMP_A.pdb
/home/russ/Scripts/git/2023-bioinf-paper/StructureDatabase/structure_dir/3HD5_A.pdb
/home/russ/Scripts/git/2023-bioinf-paper/StructureDatabase/structure_dir/3HD5_C.pdb
/home/russ/Scripts/git/2023-bioinf-paper/StructureDatabase/structure_dir/155C_A.pdb
/home/russ/Scripts/git/2023-bioinf-paper/StructureDatabase/structure_dir/3V2A_R.pdb
/home/russ/Scripts/git/2023-bioinf-paper/StructureDatabase/structure_dir/5CK7_A.pdb
/home/russ/Scripts/git/2023-bioinf-paper/StructureDatabase/structure_dir/4LMR_B.pdb
/home/russ/Scripts/git/2023-bioinf-paper/StructureDatabase/structure_dir/5UNC_A.pdb
/home/russ/Scripts/git/2023-bioinf-paper/StructureDatabase/structure_dir/1RQ8_A.pdb
/home/russ/Scripts/git/2023-bioinf-paper/StructureDatabase/structure_dir/3HD6_A.pdb
/home/russ/Scripts/git/2023-bioinf-paper/StructureDatabase/structure_dir/3V2B_A.pdb
/home/russ/Scripts/git/2023-bioinf-paper/StructureDatabase/structure_dir/16PK_A.pdb
/home/russ/Scripts/git/2023-bioinf-paper/StructureDatabase/structure_dir/2EVN_A.pdb
/home/russ/Scripts/git/2023-bioinf-paper/StructureDatabase/structure_dir/5UNC_D.pdb
/home/russ/Scripts/git/2023-bioinf-paper/StructureDatabase/structure_dir/2RFQ_A.pdb
/home/russ/Scripts/git/2023-bioinf-paper/StructureDatabase/structure_dir/5CKL_A.pdb
/home/russ/Scripts/git/2023-bioinf-paper/StructureDatabase/structure_dir/6IOX_B.pdb
/home/russ/Scripts/git/2023-bioinf-paper/StructureDatabase/structure_dir/4LMS_A.pdb
/home/russ/Scripts/git/2023-bioinf-paper/StructureDatabase/structure_dir/4LMS_C.pdb
/home/russ/Scripts/git/2023-bioinf-paper/StructureDatabase/structure_dir/3V2G_A.pdb
/home/russ/Scripts/git/2023-bioinf-paper/StructureDatabase/structure_dir/3HD7_B.pdb
/home/russ/Scripts/git/2023-bioinf-paper/StructureDatabase/structure_dir/3HD7_E.pdb
/home/russ/Scripts/git/2023-bioinf-paper/StructureDatabase/structure_dir/1RQB_A.pdb
/home/russ/Scripts/git/2023-bioinf-paper/StructureDatabase/structure_dir/16VP_A.pdb
/home/russ/Scripts/git/2023-bioinf-paper/StructureDatabase/structure_dir/2RFR_A.pdb
/home/russ/Scripts/git/2023-bioinf-paper/StructureDatabase/structure_dir/5UND_A.pdb
/home/russ/Scripts/git/2023-bioinf-paper/StructureDatabase/structure_dir/2EVV_A.pdb
/home/russ/Scripts/git/2023-bioinf-paper/StructureDatabase/structure_dir/5UND_B.pdb
/home/russ/Scripts/git/2023-bioinf-paper/StructureDatabase/structure_dir/5CKM_A.pdb
/home/russ/Scripts/git/2023-bioinf-paper/StructureDatabase/structure_dir/2EVV_B.pdb
/home/russ/Scripts/git/2023-bioinf-paper/StructureDatabase/structure_dir/3V2H_A.pdb
/home/russ/Scripts/git/2023-bioinf-paper/StructureDatabase/structure_dir/1914_A.pdb
/home/russ/Scripts/git/2023-bioinf-paper/StructureDatabase/structure_dir/3HDB_A.pdb
/home/russ/Scripts/git/2023-bioinf-paper/StructureDatabase/structure_dir/6WN8_H.pdb
/home/russ/Scripts/git/2023-bioinf-paper/StructureDatabase/structure_dir/2RFV_A.pdb
/home/russ/Scripts/git/2023-bioinf-paper/StructureDatabase/structure_dir/5CKQ_A.pdb
/home/russ/Scripts/git/2023-bioinf-paper/StructureDatabase/structure_dir/6IOY_B.pdb
/home/russ/Scripts/git/2023-bioinf-paper/StructureDatabase/structure_dir/2EVX_A.pdb
/home/russ/Scripts/git/2023-bioinf-paper/StructureDatabase/structure_dir/1RQG_A.pdb
/home/russ/Scripts/git/2023-bioinf-paper/StructureDatabase/structure_dir/5UNF_B.pdb
/home/russ/Scripts/git/2023-bioinf-paper/StructureDatabase/structure_dir/3V2I_A.pdb
/home/russ/Scripts/git/2023-bioinf-paper/StructureDatabase/structure_dir/4LMV_A.pdb
/home/russ/Scripts/git/2023-bioinf-paper/StructureDatabase/structure_dir/3HDC_A.pdb
/home/russ/Scripts/git/2023-bioinf-paper/StructureDatabase/structure_dir/6WN9_A.pdb
/home/russ/Scripts/git/2023-bioinf-paper/StructureDatabase/structure_dir/19HC_A.pdb
/home/russ/Scripts/git/2023-bioinf-paper/StructureDatabase/structure_dir/2EW0_A.pdb
/home/russ/Scripts/git/2023-bioinf-paper/StructureDatabase/structure_dir/5CKR_A.pdb
/home/russ/Scripts/git/2023-bioinf-paper/StructureDatabase/structure_dir/3V2L_A.pdb
/home/russ/Scripts/git/2023-bioinf-paper/StructureDatabase/structure_dir/1RQI_A.pdb
/home/russ/Scripts/git/2023-bioinf-paper/StructureDatabase/structure_dir/5UNG_B.pdb
/home/russ/Scripts/git/2023-bioinf-paper/StructureDatabase/structure_dir/3HDD_B.pdb
/home/russ/Scripts/git/2023-bioinf-paper/StructureDatabase/structure_dir/4LMW_A.pdb
/home/russ/Scripts/git/2023-bioinf-paper/StructureDatabase/structure_dir/1A02_F.pdb
/home/russ/Scripts/git/2023-bioinf-paper/StructureDatabase/structure_dir/1A02_J.pdb
/home/russ/Scripts/git/2023-bioinf-paper/StructureDatabase/structure_dir/2EW1_A.pdb
/home/russ/Scripts/git/2023-bioinf-paper/StructureDatabase/structure_dir/2RFW_D.pdb
/home/russ/Scripts/git/2023-bioinf-paper/StructureDatabase/structure_dir/5CKT_A.pdb
/home/russ/Scripts/git/2023-bioinf-paper/StructureDatabase/structure_dir/6IOZ_A.pdb
/home/russ/Scripts/git/2023-bioinf-paper/StructureDatabase/structure_dir/5UNI_A.pdb
/home/russ/Scripts/git/2023-bioinf-paper/StructureDatabase/structure_dir/5UNI_B.pdb
/home/russ/Scripts/git/2023-bioinf-paper/StructureDatabase/structure_dir/3HDE_B.pdb
/home/russ/Scripts/git/2023-bioinf-paper/StructureDatabase/structure_dir/1RQJ_B.pdb
/home/russ/Scripts/git/2023-bioinf-paper/StructureDatabase/structure_dir/3HDE_C.pdb
/home/russ/Scripts/git/2023-bioinf-paper/StructureDatabase/structure_dir/6WNG_D.pdb
/home/russ/Scripts/git/2023-bioinf-paper/StructureDatabase/structure_dir/3V2U_A.pdb
/home/russ/Scripts/git/2023-bioinf-paper/StructureDatabase/structure_dir/2EW2_B.pdb
/home/russ/Scripts/git/2023-bioinf-paper/StructureDatabase/structure_dir/6IP0_A.pdb
/home/russ/Scripts/git/2023-bioinf-paper/StructureDatabase/structure_dir/5CKW_A.pdb
/home/russ/Scripts/git/2023-bioinf-paper/StructureDatabase/structure_dir/3V2U_B.pdb
/home/russ/Scripts/git/2023-bioinf-paper/StructureDatabase/structure_dir/3HDF_A.pdb
/home/russ/Scripts/git/2023-bioinf-paper/StructureDatabase/structure_dir/5CKW_B.pdb
/home/russ/Scripts/git/2023-bioinf-paper/StructureDatabase/structure_dir/3HDF_B.pdb
/home/russ/Scripts/git/2023-bioinf-paper/StructureDatabase/structure_dir/5UNK_A.pdb
/home/russ/Scripts/git/2023-bioinf-paper/StructureDatabase/structure_dir/2RFY_A.pdb
/home/russ/Scripts/git/2023-bioinf-paper/StructureDatabase/structure_dir/3V2U_C.pdb
/home/russ/Scripts/git/2023-bioinf-paper/StructureDatabase/structure_dir/1RQP_C.pdb
/home/russ/Scripts/git/2023-bioinf-paper/StructureDatabase/structure_dir/2EW6_A.pdb
/home/russ/Scripts/git/2023-bioinf-paper/StructureDatabase/structure_dir/6WNH_A.pdb
/home/russ/Scripts/git/2023-bioinf-paper/StructureDatabase/structure_dir/4LMX_A.pdb
/home/russ/Scripts/git/2023-bioinf-paper/StructureDatabase/structure_dir/4LMX_G.pdb
/home/russ/Scripts/git/2023-bioinf-paper/StructureDatabase/structure_dir/6IP1_C.pdb
/home/russ/Scripts/git/2023-bioinf-paper/StructureDatabase/structure_dir/3HDG_D.pdb
/home/russ/Scripts/git/2023-bioinf-paper/StructureDatabase/structure_dir/6IP1_E.pdb
/home/russ/Scripts/git/2023-bioinf-paper/StructureDatabase/structure_dir/3V2Y_A.pdb
/home/russ/Scripts/git/2023-bioinf-paper/StructureDatabase/structure_dir/1A03_A.pdb
/home/russ/Scripts/git/2023-bioinf-paper/StructureDatabase/structure_dir/5UNL_C.pdb
