../../AnnotatedStructuralLibrary/examples/structure_dir/3HCY_A.pdb 145
../../AnnotatedStructuralLibrary/examples/structure_dir/2EVE_A.pdb 149
../../AnnotatedStructuralLibrary/examples/structure_dir/2RFM_B.pdb 184
../../AnnotatedStructuralLibrary/examples/structure_dir/3HCY_B.pdb 144
../../AnnotatedStructuralLibrary/examples/structure_dir/3V1V_A.pdb 317
../../AnnotatedStructuralLibrary/examples/structure_dir/11AS_B.pdb 328
../../AnnotatedStructuralLibrary/examples/structure_dir/1RQ6_A.pdb 62
../../AnnotatedStructuralLibrary/examples/structure_dir/4LMO_A.pdb 251
../../AnnotatedStructuralLibrary/examples/structure_dir/3HCZ_A.pdb 147
../../AnnotatedStructuralLibrary/examples/structure_dir/2EVG_A.pdb 290
../../AnnotatedStructuralLibrary/examples/structure_dir/12AS_B.pdb 328
../../AnnotatedStructuralLibrary/examples/structure_dir/3V1Y_A.pdb 335
../../AnnotatedStructuralLibrary/examples/structure_dir/5CK4_B.pdb 218
../../AnnotatedStructuralLibrary/examples/structure_dir/2RFO_A.pdb 612
../../AnnotatedStructuralLibrary/examples/structure_dir/4LMP_A.pdb 371
../../AnnotatedStructuralLibrary/examples/structure_dir/3HD5_A.pdb 182
../../AnnotatedStructuralLibrary/examples/structure_dir/3HD5_C.pdb 181
../../AnnotatedStructuralLibrary/examples/structure_dir/155C_A.pdb 122
../../AnnotatedStructuralLibrary/examples/structure_dir/3V2A_R.pdb 185
../../AnnotatedStructuralLibrary/examples/structure_dir/5CK7_A.pdb 448
../../AnnotatedStructuralLibrary/examples/structure_dir/4LMR_B.pdb 312
../../AnnotatedStructuralLibrary/examples/structure_dir/5UNC_A.pdb 289
../../AnnotatedStructuralLibrary/examples/structure_dir/1RQ8_A.pdb 96
../../AnnotatedStructuralLibrary/examples/structure_dir/3HD6_A.pdb 403
../../AnnotatedStructuralLibrary/examples/structure_dir/3V2B_A.pdb 176
../../AnnotatedStructuralLibrary/examples/structure_dir/16PK_A.pdb 415
../../AnnotatedStructuralLibrary/examples/structure_dir/2EVN_A.pdb 103
../../AnnotatedStructuralLibrary/examples/structure_dir/5UNC_D.pdb 287
../../AnnotatedStructuralLibrary/examples/structure_dir/2RFQ_A.pdb 388
../../AnnotatedStructuralLibrary/examples/structure_dir/5CKL_A.pdb 181
../../AnnotatedStructuralLibrary/examples/structure_dir/6IOX_B.pdb 337
../../AnnotatedStructuralLibrary/examples/structure_dir/4LMS_A.pdb 80
../../AnnotatedStructuralLibrary/examples/structure_dir/4LMS_C.pdb 68
../../AnnotatedStructuralLibrary/examples/structure_dir/3V2G_A.pdb 252
../../AnnotatedStructuralLibrary/examples/structure_dir/3HD7_B.pdb 98
../../AnnotatedStructuralLibrary/examples/structure_dir/3HD7_E.pdb 90
../../AnnotatedStructuralLibrary/examples/structure_dir/1RQB_A.pdb 471
../../AnnotatedStructuralLibrary/examples/structure_dir/16VP_A.pdb 311
../../AnnotatedStructuralLibrary/examples/structure_dir/2RFR_A.pdb 154
../../AnnotatedStructuralLibrary/examples/structure_dir/5UND_A.pdb 171
../../AnnotatedStructuralLibrary/examples/structure_dir/2EVV_A.pdb 181
../../AnnotatedStructuralLibrary/examples/structure_dir/5UND_B.pdb 145
../../AnnotatedStructuralLibrary/examples/structure_dir/5CKM_A.pdb 277
../../AnnotatedStructuralLibrary/examples/structure_dir/2EVV_B.pdb 182
../../AnnotatedStructuralLibrary/examples/structure_dir/3V2H_A.pdb 232
../../AnnotatedStructuralLibrary/examples/structure_dir/1914_A.pdb 171
../../AnnotatedStructuralLibrary/examples/structure_dir/3HDB_A.pdb 417
../../AnnotatedStructuralLibrary/examples/structure_dir/6WN8_H.pdb 209
../../AnnotatedStructuralLibrary/examples/structure_dir/2RFV_A.pdb 389
../../AnnotatedStructuralLibrary/examples/structure_dir/5CKQ_A.pdb 276
../../AnnotatedStructuralLibrary/examples/structure_dir/6IOY_B.pdb 401
../../AnnotatedStructuralLibrary/examples/structure_dir/2EVX_A.pdb 382
../../AnnotatedStructuralLibrary/examples/structure_dir/1RQG_A.pdb 606
../../AnnotatedStructuralLibrary/examples/structure_dir/5UNF_B.pdb 399
../../AnnotatedStructuralLibrary/examples/structure_dir/3V2I_A.pdb 187
../../AnnotatedStructuralLibrary/examples/structure_dir/4LMV_A.pdb 252
../../AnnotatedStructuralLibrary/examples/structure_dir/3HDC_A.pdb 150
../../AnnotatedStructuralLibrary/examples/structure_dir/6WN9_A.pdb 155
../../AnnotatedStructuralLibrary/examples/structure_dir/19HC_A.pdb 292
../../AnnotatedStructuralLibrary/examples/structure_dir/2EW0_A.pdb 175
../../AnnotatedStructuralLibrary/examples/structure_dir/5CKR_A.pdb 329
../../AnnotatedStructuralLibrary/examples/structure_dir/3V2L_A.pdb 120
../../AnnotatedStructuralLibrary/examples/structure_dir/1RQI_A.pdb 300
../../AnnotatedStructuralLibrary/examples/structure_dir/5UNG_B.pdb 410
../../AnnotatedStructuralLibrary/examples/structure_dir/3HDD_B.pdb 56
../../AnnotatedStructuralLibrary/examples/structure_dir/4LMW_A.pdb 250
../../AnnotatedStructuralLibrary/examples/structure_dir/1A02_F.pdb 53
../../AnnotatedStructuralLibrary/examples/structure_dir/1A02_J.pdb 52
../../AnnotatedStructuralLibrary/examples/structure_dir/2EW1_A.pdb 171
../../AnnotatedStructuralLibrary/examples/structure_dir/2RFW_D.pdb 429
../../AnnotatedStructuralLibrary/examples/structure_dir/5CKT_A.pdb 99
../../AnnotatedStructuralLibrary/examples/structure_dir/6IOZ_A.pdb 500
../../AnnotatedStructuralLibrary/examples/structure_dir/5UNI_A.pdb 94
../../AnnotatedStructuralLibrary/examples/structure_dir/5UNI_B.pdb 261
../../AnnotatedStructuralLibrary/examples/structure_dir/3HDE_B.pdb 165
../../AnnotatedStructuralLibrary/examples/structure_dir/1RQJ_B.pdb 298
../../AnnotatedStructuralLibrary/examples/structure_dir/3HDE_C.pdb 164
../../AnnotatedStructuralLibrary/examples/structure_dir/6WNG_D.pdb 466
../../AnnotatedStructuralLibrary/examples/structure_dir/3V2U_A.pdb 409
../../AnnotatedStructuralLibrary/examples/structure_dir/2EW2_B.pdb 314
../../AnnotatedStructuralLibrary/examples/structure_dir/6IP0_A.pdb 472
../../AnnotatedStructuralLibrary/examples/structure_dir/5CKW_A.pdb 378
../../AnnotatedStructuralLibrary/examples/structure_dir/3V2U_B.pdb 402
../../AnnotatedStructuralLibrary/examples/structure_dir/3HDF_A.pdb 133
../../AnnotatedStructuralLibrary/examples/structure_dir/5CKW_B.pdb 400
../../AnnotatedStructuralLibrary/examples/structure_dir/3HDF_B.pdb 132
../../AnnotatedStructuralLibrary/examples/structure_dir/5UNK_A.pdb 62
../../AnnotatedStructuralLibrary/examples/structure_dir/2RFY_A.pdb 429
../../AnnotatedStructuralLibrary/examples/structure_dir/3V2U_C.pdb 516
../../AnnotatedStructuralLibrary/examples/structure_dir/1RQP_C.pdb 291
../../AnnotatedStructuralLibrary/examples/structure_dir/2EW6_A.pdb 166
../../AnnotatedStructuralLibrary/examples/structure_dir/6WNH_A.pdb 481
../../AnnotatedStructuralLibrary/examples/structure_dir/4LMX_A.pdb 61
../../AnnotatedStructuralLibrary/examples/structure_dir/4LMX_G.pdb 71
../../AnnotatedStructuralLibrary/examples/structure_dir/6IP1_C.pdb 65
../../AnnotatedStructuralLibrary/examples/structure_dir/3HDG_D.pdb 124
../../AnnotatedStructuralLibrary/examples/structure_dir/6IP1_E.pdb 292
../../AnnotatedStructuralLibrary/examples/structure_dir/3V2Y_A.pdb 455
../../AnnotatedStructuralLibrary/examples/structure_dir/1A03_A.pdb 90
../../AnnotatedStructuralLibrary/examples/structure_dir/5UNL_C.pdb 264
