../../AnnotatedStructuralLibrary/examples/structure_dir/3HCY_A.pdb 145
../../AnnotatedStructuralLibrary/examples/structure_dir/2EVE_A.pdb 149
../../AnnotatedStructuralLibrary/examples/structure_dir/2RFM_B.pdb 184
../../AnnotatedStructuralLibrary/examples/structure_dir/3HCY_B.pdb 144
../../AnnotatedStructuralLibrary/examples/structure_dir/3V1V_A.pdb 317
../../AnnotatedStructuralLibrary/examples/structure_dir/11AS_B.pdb 328
../../AnnotatedStructuralLibrary/examples/structure_dir/1RQ6_A.pdb 62
../../AnnotatedStructuralLibrary/examples/structure_dir/4LMO_A.pdb 251
../../AnnotatedStructuralLibrary/examples/structure_dir/3HCZ_A.pdb 147
../../AnnotatedStructuralLibrary/examples/structure_dir/2EVG_A.pdb 290
../../AnnotatedStructuralLibrary/examples/structure_dir/12AS_B.pdb 328
../../AnnotatedStructuralLibrary/examples/structure_dir/3V1Y_A.pdb 335
../../AnnotatedStructuralLibrary/examples/structure_dir/5CK4_B.pdb 218
../../AnnotatedStructuralLibrary/examples/structure_dir/2RFO_A.pdb 612
../../AnnotatedStructuralLibrary/examples/structure_dir/4LMP_A.pdb 371
../../AnnotatedStructuralLibrary/examples/structure_dir/3HD5_A.pdb 182
../../AnnotatedStructuralLibrary/examples/structure_dir/3HD5_C.pdb 181
../../AnnotatedStructuralLibrary/examples/structure_dir/155C_A.pdb 122
../../AnnotatedStructuralLibrary/examples/structure_dir/3V2A_R.pdb 185
../../AnnotatedStructuralLibrary/examples/structure_dir/5CK7_A.pdb 448
